// Jest Snapshot v1, https://goo.gl/fbAQLP

exports[`FieldsList.vue smoke tests matches snapshot 1`] = `
<div
  class="FieldsList"
>
  <transition-group-stub
    mode="out-in"
    name="flip-list"
    tag="div"
  >
    <el-card-stub>
      <el-row-stub
        align="top"
        justify="start"
        tag="div"
      >
        <el-col-stub
          span="20"
          tag="div"
        >
          <selectfieldtype-stub
            value="text"
          />
        </el-col-stub>
        <el-col-stub
          span="4"
          tag="div"
        >
          <el-button-stub
            icon=""
            nativetype="button"
            size="small"
            type="danger"
          >
            <i
              class="el-icon-delete"
            />
            <span>
              general.actions.delete.label
            </span>
          </el-button-stub>
        </el-col-stub>
      </el-row-stub>
    </el-card-stub>
    <el-card-stub>
      <el-row-stub
        align="top"
        justify="start"
        tag="div"
      >
        <el-col-stub
          span="20"
          tag="div"
        >
          <selectfieldtype-stub
            value="radio"
          />
        </el-col-stub>
        <el-col-stub
          span="4"
          tag="div"
        >
          <el-button-stub
            icon=""
            nativetype="button"
            size="small"
            type="danger"
          >
            <i
              class="el-icon-delete"
            />
            <span>
              general.actions.delete.label
            </span>
          </el-button-stub>
        </el-col-stub>
      </el-row-stub>
    </el-card-stub>
  </transition-group-stub>
  <el-button-stub
    icon=""
    nativetype="button"
    type="default"
  >
    general.actions.add.label
  </el-button-stub>
</div>
`;
